  Preflight bird audit gate passed: semantic_untested_count=0

============================================================
  AlphaZero iter 1/3 | mcts_sims=24
  out: reports/ml/alphazero_v18_absolute_pilot3/iter_001
============================================================

  [1/4] Generating self-play data (6 games, 24 sims, 2 workers)...
  [az-selfplay] game 3/3 | samples=156 | mean_score=45.3 | mean_win_t=0.500 | elapsed=209.9s
  [az-selfplay] game 3/3 | samples=156 | mean_score=41.7 | mean_win_t=0.500 | elapsed=210.8s
  Data gen complete: 312 samples | mean_score=43.5
  Cleaned up shard directory.

  [2/4] Training (3 epochs, hidden=384/192)...
Loading dataset: reports/ml/alphazero_v18_absolute_pilot3/iter_001/az_dataset.jsonl
Loaded 312 samples | feature_dim=148
Training device: cpu
warm-start from reports/ml/alphazero_v18_absolute_pilot3/best_model.npz | applied=30 skipped=2
epoch 1/3 | lr=0.000100 | train_loss=4.8326 train_acc=0.164 train_sv=0.2038 train_wb=0.2704 train_mv=0.6955 | val_loss=4.5696 val_acc=0.161 val_sv=0.1273 val_wb=0.2533 val_mv=0.6910
epoch 2/3 | lr=0.000300 | train_loss=4.8240 train_acc=0.207 train_sv=0.2474 train_wb=0.2647 train_mv=0.6957 | val_loss=4.5630 val_acc=0.161 val_sv=0.1250 val_wb=0.2530 val_mv=0.6910
epoch 3/3 | lr=0.000500 | train_loss=4.7701 train_acc=0.199 train_sv=0.2242 train_wb=0.2696 train_mv=0.6951 | val_loss=4.5450 val_acc=0.097 val_sv=0.1166 val_wb=0.2523 val_mv=0.6910
  Training done: epochs=3 | val_loss=4.5450
  Cleaned up combined JSONL (freed ~2-3 GB).

  [3/4] Evaluating vs heuristic (6 games, mode=policy)...
game 6/6 | nn_wins=0 h_wins=6 ties=0 | nn_avg=24.2 h_avg=73.8
  Eval: nn_wins=0 / 6 | mean_score=24.2 | win_rate=0.000

  [4/4] Promotion gate (8 games, mode=heuristic)...
game 8/8 | nn_wins=0 h_wins=8 ties=0 | nn_avg=30.0 h_avg=67.5
  Gate: nn_wins=0 / 8 | win_rate=0.000 | ci95=[0.0, 0.3244] | promoted=False
  Timing (sec): data=215.7 train=13.4 eval=11.9 gate=15.7 iter=256.7

============================================================
  AlphaZero iter 2/3 | mcts_sims=24
  out: reports/ml/alphazero_v18_absolute_pilot3/iter_002
============================================================

  [1/4] Generating self-play data (6 games, 24 sims, 2 workers)...
  [az-selfplay] game 3/3 | samples=156 | mean_score=36.0 | mean_win_t=0.500 | elapsed=210.9s
  [az-selfplay] game 3/3 | samples=156 | mean_score=53.8 | mean_win_t=0.500 | elapsed=220.9s
  Data gen complete: 312 samples | mean_score=44.9
  Cleaned up shard directory.
  Combined dataset: 624 samples (new=312 + replay, decay=0.500)

  [2/4] Training (3 epochs, hidden=384/192)...
Loading dataset: reports/ml/alphazero_v18_absolute_pilot3/iter_002/az_dataset_combined.jsonl
Loaded 624 samples | feature_dim=148
Training device: cpu
warm-start from reports/ml/alphazero_v18_absolute_pilot3/best_model.npz | applied=30 skipped=2
epoch 1/3 | lr=0.000100 | train_loss=4.8681 train_acc=0.260 train_sv=0.3638 train_wb=0.2642 train_mv=0.6949 | val_loss=4.5612 val_acc=0.371 val_sv=0.1549 val_wb=0.2520 val_mv=0.6955
epoch 2/3 | lr=0.000300 | train_loss=4.8259 train_acc=0.285 train_sv=0.3535 train_wb=0.2644 train_mv=0.6949 | val_loss=4.5372 val_acc=0.371 val_sv=0.1336 val_wb=0.2526 val_mv=0.6955
epoch 3/3 | lr=0.000500 | train_loss=4.7272 train_acc=0.297 train_sv=0.3192 train_wb=0.2618 train_mv=0.6949 | val_loss=4.4937 val_acc=0.452 val_sv=0.1039 val_wb=0.2526 val_mv=0.6955
  Training done: epochs=3 | val_loss=4.4937
  Cleaned up combined JSONL (freed ~2-3 GB).

  [3/4] Evaluating vs heuristic (6 games, mode=policy)...
game 6/6 | nn_wins=0 h_wins=6 ties=0 | nn_avg=25.0 h_avg=74.3
  Eval: nn_wins=0 / 6 | mean_score=25.0 | win_rate=0.000

  [4/4] Promotion gate (8 games, mode=heuristic)...
game 8/8 | nn_wins=0 h_wins=8 ties=0 | nn_avg=24.0 h_avg=76.6
  Gate: nn_wins=0 / 8 | win_rate=0.000 | ci95=[0.0, 0.3244] | promoted=False
  Timing (sec): data=224.0 train=0.2 eval=10.6 gate=14.0 iter=248.8

============================================================
  AlphaZero iter 3/3 | mcts_sims=24
  out: reports/ml/alphazero_v18_absolute_pilot3/iter_003
============================================================

  [1/4] Generating self-play data (6 games, 24 sims, 2 workers)...
  [az-selfplay] game 3/3 | samples=156 | mean_score=44.7 | mean_win_t=0.500 | elapsed=210.9s
  [az-selfplay] game 3/3 | samples=156 | mean_score=42.7 | mean_win_t=0.500 | elapsed=212.1s
  Data gen complete: 312 samples | mean_score=43.7
  Cleaned up shard directory.
  Combined dataset: 936 samples (new=312 + replay, decay=0.500)

  [2/4] Training (3 epochs, hidden=384/192)...
Loading dataset: reports/ml/alphazero_v18_absolute_pilot3/iter_003/az_dataset_combined.jsonl
Loaded 936 samples | feature_dim=148
Training device: cpu
warm-start from reports/ml/alphazero_v18_absolute_pilot3/best_model.npz | applied=30 skipped=2
epoch 1/3 | lr=0.000100 | train_loss=4.9966 train_acc=0.215 train_sv=0.3341 train_wb=0.2572 train_mv=0.6967 | val_loss=4.3063 val_acc=0.151 val_sv=0.1429 val_wb=0.2478 val_mv=0.6956
epoch 2/3 | lr=0.000300 | train_loss=4.9038 train_acc=0.204 train_sv=0.2885 train_wb=0.2544 train_mv=0.6960 | val_loss=4.2839 val_acc=0.204 val_sv=0.1420 val_wb=0.2461 val_mv=0.6956
epoch 3/3 | lr=0.000500 | train_loss=4.6862 train_acc=0.268 train_sv=0.2506 train_wb=0.2456 train_mv=0.6964 | val_loss=4.2012 val_acc=0.301 val_sv=0.1113 val_wb=0.2421 val_mv=0.6955
  Training done: epochs=3 | val_loss=4.2012
  Cleaned up combined JSONL (freed ~2-3 GB).

  [3/4] Evaluating vs heuristic (6 games, mode=policy)...
game 6/6 | nn_wins=0 h_wins=6 ties=0 | nn_avg=29.8 h_avg=74.5
  Eval: nn_wins=0 / 6 | mean_score=29.8 | win_rate=0.000

  [4/4] Promotion gate (8 games, mode=heuristic)...
game 8/8 | nn_wins=0 h_wins=8 ties=0 | nn_avg=29.5 h_avg=63.6
  Gate: nn_wins=0 / 8 | win_rate=0.000 | ci95=[0.0, 0.3244] | promoted=False
  Timing (sec): data=214.4 train=0.3 eval=10.9 gate=14.0 iter=239.5
  [pilot-stop] pilot_early_stop: iter=3, no_promotions, gate_win_rate=0.000 < 0.200

============================================================
  AlphaZero training complete: 3/3 iterations
  Total elapsed: 0.21 hours
  Best model: reports/ml/alphazero_v18_absolute_pilot3/best_model.npz
============================================================
{
  "pipeline": "auto_improve_alphazero",
  "out_dir": "reports/ml/alphazero_v18_absolute_pilot3",
  "iterations_completed": 3,
  "iterations_total": 3,
  "rules_baseline": {
    "id": "rules_2026_03_07_semantic446"
  },
  "preflight": {
    "bird_audit_gate_enabled": true,
    "expected_semantic_untested": 0,
    "bird_audit_summary": {
      "total_birds": 446,
      "strict_mapped_count": 446,
      "semantic_tested_count": 446,
      "semantic_untested_count": 0
    }
  },
  "mcts_sims": 24,
  "eval_use_mcts": false,
  "eval_mcts_sims": 40,
  "eval_mcts_c_puct": 1.5,
  "eval_mcts_value_blend": 0.5,
  "eval_mcts_rollout_policy": "fast",
  "eval_heuristic_policy": "greedy",
  "selfplay_value_blend": 0.5,
  "selfplay_fail_on_exception": true,
  "gate_value_blend": 0.5,
  "gate_mode": "heuristic",
  "gate_mcts_sims": 40,
  "teacher_games_per_iter": 0,
  "teacher_mcts_sims": 48,
  "teacher_value_blend": 0.5,
  "pilot_early_stop_iter": 3,
  "pilot_min_gate_win_rate": 0.2,
  "total_elapsed_sec": 745.0,
  "stopped_early": true,
  "stopped_early_reason": "pilot_early_stop: iter=3, no_promotions, gate_win_rate=0.000 < 0.200"
}
